// Jest Snapshot v1, https://goo.gl/fbAQLP

exports[`Button/UI: Render is fine 1`] = `
<div>
  <button
    class="sc-6ffd862-0 ljzhXT"
  >
    Button
  </button>
</div>
`;
