// Jest Snapshot v1, https://goo.gl/fbAQLP

exports[`Icon/UI Render is fine 1`] = `
<i
  class="icofont icofont-star "
/>
`;
