// Jest Snapshot v1, https://goo.gl/fbAQLP

exports[`ErrorMessage/UI Render is fine 1`] = `
<div>
  <div
    class="sc-98140c93-0 bArXBy"
  >
    <span>
      Something went wrong...
    </span>
  </div>
</div>
`;
