// Jest Snapshot v1, https://goo.gl/fbAQLP

exports[`Input/UI Render is fine 1`] = `
<div>
  <div
    class="sc-86fc186b-0 llvsTM"
  >
    <label
      class="sc-f296cf62-0 fEoCuF"
      for="phone"
    >
      Phone
    </label>
    <input
      name="phone"
      type="text"
      value=""
    />
    <div
      class="sc-98140c93-0 kRHHRz"
    >
      <span>
        Your phone is not correct
      </span>
    </div>
  </div>
</div>
`;
